// Jest Snapshot v1, https://goo.gl/fbAQLP

exports[`Button component tests Button snapshot test 1`] = `
<div class="button-container"><button class="red">
    I am a button
  </button></div>
`;
